// Jest Snapshot v1, https://goo.gl/fbAQLP

exports[`report should generate a report 1`] = `
"Hello 👋
I am a bot. My job is to review your submission.

[v-1](https://github.com/platane-org/13k-submission/releases/tag/v1#1234123) [deployed](http://js13kgames-entry-preview.s3-website-eu-west-1.amazonaws.com/v1/index.html) ⚠️
 - size is over the limit
 - index not found

[v2](https://github.com/platane-org/13k-submission/releases/tag/v2#12) ⚠️
 - index not found

[v3](https://github.com/platane-org/13k-submission/releases/tag/v3#126) [deployed](http://js13kgames-entry-preview.s3-website-eu-west-1.amazonaws.com/v3/index.html) ✔️"
`;
