// Jest Snapshot v1, https://goo.gl/fbAQLP

exports[`integration  error-on-run should analyze 1`] = `
Array [
  Object {
    "assetFiles": Array [
      "bundle.zip",
    ],
    "conclusion": "success",
    "name": "bundle-found",
  },
  Object {
    "conclusion": "success",
    "name": "bundle-unziped",
  },
  Object {
    "bundleSize": 3882,
    "conclusion": "success",
    "name": "bundle-size",
    "sizeLimit": 13312,
  },
  Object {
    "bundleFiles": Array [
      "asset/text.txt",
      "asset/script.js",
      "asset/image/1659821.jpeg",
      "index.html",
    ],
    "conclusion": "success",
    "deployUrl": "http://js13kgames-entry-preview.s3-website-eu-west-1.amazonaws.com/b3107c5e2f9240efdff74a17a6e5ef0b/index.html",
    "name": "index-found",
  },
  Object {
    "conclusion": "success",
    "errors": Array [],
    "name": "run-without-error",
  },
  Object {
    "conclusion": "success",
    "externalUrls": undefined,
    "name": "run-without-external-http",
    "urls": null,
  },
  Object {
    "conclusion": "failure",
    "name": "run-without-blank-screen",
    "screenShotUrl": "http://js13kgames-entry-preview.s3-website-eu-west-1.amazonaws.com/b3107c5e2f9240efdff74a17a6e5ef0b/game_preview_screenshot.png",
  },
]
`;

exports[`integration  error-on-run should generate report 1`] = `
"Hello 👋
I am a bot. My job is to review your submission.

I reviewed your latest release, [entry-error-on-run-1](https://github.com/platane-org/js13-entry/releases/tag/entry-error-on-run-1)

Your game seems to have error at launch, all I can see is a [blank screen](http://js13kgames-entry-preview.s3-website-eu-west-1.amazonaws.com/b3107c5e2f9240efdff74a17a6e5ef0b/game_preview_screenshot.png)
Can you take a look ? I have it deployed [here](http://js13kgames-entry-preview.s3-website-eu-west-1.amazonaws.com/b3107c5e2f9240efdff74a17a6e5ef0b/index.html)"
`;
