// Jest Snapshot v1, https://goo.gl/fbAQLP

exports[`integration  malformed-manifest should analyze 1`] = `
Array [
  Object {
    "conclusion": "success",
    "name": "username-found",
    "username": "platane",
  },
  Object {
    "conclusion": "success",
    "files": Array [
      "asset/image/1659821.jpeg",
      "asset/script.js",
      "asset/text.txt",
      "image_large.jpg",
      "image_thumbnail.jpg",
      "index.html",
      "manifest.json",
    ],
    "name": "manifest-found",
  },
  Object {
    "conclusion": "failure",
    "name": "manifest-read",
  },
  Object {
    "conclusion": "failure",
    "gameName": undefined,
    "name": "name-found",
  },
  Object {
    "conclusion": "failure",
    "gameDescription": undefined,
    "name": "description-found",
  },
  Object {
    "conclusion": "success",
    "images": Object {
      "image_large": "https://res.cloudinary.com/dy3iszldp/image/upload/c_fit,h_200,w_300/81d8ad1eef5dbf6feda2665a0df3bf19.jpg",
      "image_thumbnail": "https://res.cloudinary.com/dy3iszldp/image/upload/c_fit,h_100,w_100/61191dccc4c29b4d785cae9b2f2eae2d.jpg",
    },
    "name": "images-found",
  },
  Object {
    "branch": "entry/malformed-manifest",
    "conclusion": "success",
    "name": "release-found",
    "releaseUrl": "https://github.com/Platane/entry/releases/tag/entry/malformed-manifest-v1",
    "tagName": "entry/malformed-manifest-v1",
  },
  Object {
    "assetFiles": Array [
      "bundle.zip",
    ],
    "conclusion": "success",
    "name": "bundle-found",
  },
  Object {
    "conclusion": "success",
    "name": "bundle-unzipped",
  },
  Object {
    "bundleSize": 3859,
    "conclusion": "success",
    "name": "bundle-size",
    "sizeLimit": 13312,
  },
  Object {
    "bundleFiles": Array [
      "asset/text.txt",
      "asset/script.js",
      "asset/image/1659821.jpeg",
      "index.html",
    ],
    "conclusion": "success",
    "deployUrl": "http://js13kgames-entry-preview.s3-website-eu-west-1.amazonaws.com/cec73ecd46375ab7c64a85c8a4d2c172/index.html",
    "name": "index-found",
  },
  Object {
    "conclusion": "success",
    "errors": Array [],
    "name": "run-without-error",
  },
  Object {
    "conclusion": "success",
    "externalUrls": Array [],
    "name": "run-without-external-http",
    "urls": Array [
      "http://js13kgames-entry-preview.s3-website-eu-west-1.amazonaws.com/cec73ecd46375ab7c64a85c8a4d2c172/asset/image/1659821.jpeg",
      "http://js13kgames-entry-preview.s3-website-eu-west-1.amazonaws.com/cec73ecd46375ab7c64a85c8a4d2c172/asset/script.js",
      "http://js13kgames-entry-preview.s3-website-eu-west-1.amazonaws.com/cec73ecd46375ab7c64a85c8a4d2c172/asset/text.txt",
      "http://js13kgames-entry-preview.s3-website-eu-west-1.amazonaws.com/cec73ecd46375ab7c64a85c8a4d2c172/index.html",
      "http://js13kgames-entry-preview.s3-website-eu-west-1.amazonaws.com/favicon.ico",
    ],
  },
  Object {
    "conclusion": "success",
    "name": "run-without-blank-screen",
    "screenShotUrl": "http://js13kgames-entry-preview.s3-website-eu-west-1.amazonaws.com/cec73ecd46375ab7c64a85c8a4d2c172/game_preview_screenshot.png",
  },
]
`;

exports[`integration  malformed-manifest should generate checks 1`] = `
Array [
  Object {
    "conclusion": "failure",
    "name": "meta",
    "output": Object {
      "summary": "
## ✔️ manifest found
The pull requet contains a file named \`manifest.json\`

## ❌ manifest parsed
The manifest does not appear to be a valid json file

> Make sure you the manifest is a valid json file",
      "text": "",
      "title": "",
    },
  },
  Object {
    "conclusion": "success",
    "name": "bundle",
    "output": Object {
      "summary": "
## ✔️ release
The release [entry/malformed-manifest-v1](https://github.com/Platane/entry/releases/tag/entry/malformed-manifest-v1) was found

## ✔️ bundle
The bundle was found

## ✔️ game info
The bundle was unzipped\\"

## ✔️ index file
The index was found

## ✔️ bundle size
The bundle size is ok",
      "text": "",
      "title": "",
    },
  },
  Object {
    "conclusion": "success",
    "name": "game",
    "output": Object {
      "summary": "
## ✔️ deploy
The game is deployed [here](http://js13kgames-entry-preview.s3-website-eu-west-1.amazonaws.com/cec73ecd46375ab7c64a85c8a4d2c172/index.html)

## ✔️ errors
The game did not had any error

## ✔️ external resources
The game made request to internal resources only, which is fine
\`\`\`
 - http://js13kgames-entry-preview.s3-website-eu-west-1.amazonaws.com/cec73ecd46375ab7c64a85c8a4d2c172/asset/image/1659821.jpeg
 - http://js13kgames-entry-preview.s3-website-eu-west-1.amazonaws.com/cec73ecd46375ab7c64a85c8a4d2c172/asset/script.js
 - http://js13kgames-entry-preview.s3-website-eu-west-1.amazonaws.com/cec73ecd46375ab7c64a85c8a4d2c172/asset/text.txt
 - http://js13kgames-entry-preview.s3-website-eu-west-1.amazonaws.com/cec73ecd46375ab7c64a85c8a4d2c172/index.html
 - http://js13kgames-entry-preview.s3-website-eu-west-1.amazonaws.com/favicon.ico
\`\`\`

## ✔️ blank screen
The game seems to display something
<img height=\\"120\\" src=\\"http://js13kgames-entry-preview.s3-website-eu-west-1.amazonaws.com/cec73ecd46375ab7c64a85c8a4d2c172/game_preview_screenshot.png\\"/>",
      "text": "",
      "title": "",
    },
  },
]
`;

exports[`integration  malformed-manifest should generate report 1`] = `
"Hello 👋
I am a bot. My job is to review your submission.

I reviewed your latest release, [entry/malformed-manifest-v1](https://github.com/Platane/entry/releases/tag/entry/malformed-manifest-v1). Its looking all good 👍

I could not read the manifest. It seems that it contains malformed json

<blockquote> <br> <img height=\\"80\\" width=\\"80\\" title=\\"thumbnail\\" src=\\"https://res.cloudinary.com/dy3iszldp/image/upload/c_fit,h_100,w_100/61191dccc4c29b4d785cae9b2f2eae2d.jpg\\" /> <img height=\\"80\\" title=\\"large image\\" src=\\"https://res.cloudinary.com/dy3iszldp/image/upload/c_fit,h_200,w_300/81d8ad1eef5dbf6feda2665a0df3bf19.jpg\\" /> <div>  <a href=\\"http://js13kgames-entry-preview.s3-website-eu-west-1.amazonaws.com/cec73ecd46375ab7c64a85c8a4d2c172/index.html\\">   <strong>game</strong>  </a>  <i>   <span>&nbsp;&nbsp;by</span>   <a href=\\"https://github.com/platane\\">    platane   </a>  </i>  <br>   </div> <br></blockquote>"
`;
