// Jest Snapshot v1, https://goo.gl/fbAQLP

exports[`integration  missing-zip should analyze 1`] = `
Array [
  Object {
    "conclusion": "success",
    "files": Array [
      "image_large.jpg",
      "image_thumbnail.jpg",
      "manifest.json",
    ],
    "name": "manifest-found",
  },
  Object {
    "conclusion": "success",
    "manifest": Object {
      "categories": Array [
        "desktop",
      ],
      "description": "This entry should yield an error because no zip file can be found in the release assets",
      "name": "missing zip",
    },
    "name": "manifest-read",
  },
  Object {
    "conclusion": "success",
    "gameName": "missing zip",
    "name": "name-found",
  },
  Object {
    "conclusion": "success",
    "gameDescription": "This entry should yield an error because no zip file can be found in the release assets",
    "name": "description-found",
  },
  Object {
    "conclusion": "success",
    "name": "user-found",
    "repositoryName": "entry",
    "user": Object {
      "github": "platane",
      "name": "platane",
    },
  },
  Object {
    "conclusion": "success",
    "gameCategories": Array [
      "desktop",
    ],
    "name": "categories-found",
  },
  Object {
    "conclusion": "success",
    "images": Object {
      "image_large": "https://res.cloudinary.com/dy3iszldp/image/upload/c_fit,h_250,w_400/a5b59ae446445ac970d026a7e08499bc.jpg",
      "image_thumbnail": "https://res.cloudinary.com/dy3iszldp/image/upload/c_fit,h_100,w_100/61191dccc4c29b4d785cae9b2f2eae2d.jpg",
    },
    "name": "images-found",
  },
  Object {
    "branch": "entry/missing-zip",
    "conclusion": "success",
    "name": "release-found",
    "releaseUrl": "https://github.com/Platane/entry/releases/tag/entry/missing-zip-v1",
    "tagName": "entry/missing-zip-v1",
  },
  Object {
    "assetFiles": Array [
      "image_large.jpg",
      "image_thumbnail.jpg",
      "manifest.json",
    ],
    "conclusion": "failure",
    "name": "bundle-found",
  },
]
`;

exports[`integration  missing-zip should generate checks 1`] = `
Array [
  Object {
    "conclusion": "success",
    "name": "meta",
    "output": Object {
      "summary": "
## ✔️ manifest found
The pull requet contains a file named \`manifest.json\`

## ✔️ manifest parsed
The manifest was found :
\`\`\`json
{
  \\"name\\": \\"missing zip\\",
  \\"description\\": \\"This entry should yield an error because no zip file can be found in the release assets\\",
  \\"categories\\": [
    \\"desktop\\"
  ]
}
\`\`\`

## ✔️ game info
The game name is \\"missing zip\\"

The game categories are:

desktop

The game description is:

This entry should yield an error because no zip file can be found in the release assets


## ✔️ game images
 - image_thumbnail

<img height=\\"100\\" src=\\"https://res.cloudinary.com/dy3iszldp/image/upload/c_fit,h_100,w_100/61191dccc4c29b4d785cae9b2f2eae2d.jpg\\" />
 - image_large

<img height=\\"100\\" src=\\"https://res.cloudinary.com/dy3iszldp/image/upload/c_fit,h_250,w_400/a5b59ae446445ac970d026a7e08499bc.jpg\\" />",
      "text": "",
      "title": "",
    },
  },
  Object {
    "conclusion": "failure",
    "name": "bundle",
    "output": Object {
      "summary": "
## ✔️ release
The release [entry/missing-zip-v1](https://github.com/Platane/entry/releases/tag/entry/missing-zip-v1) was found

## ❌ bundle
The release assets does not contain a zip file
Those are the files found as assets:
\`\`\`
 - image_large.jpg
 - image_thumbnail.jpg
 - manifest.json
\`\`\`

> Make sure to have a zip file as asset
> Read this [guide](.) if you are stuck",
      "text": "",
      "title": "",
    },
  },
  Object {
    "conclusion": "failure",
    "name": "game",
    "output": Object {
      "summary": "
## ❌ deploy
The game could not be deployed, check the bundle report to see why.

> Make sure that the bundle is valid first.",
      "text": "",
      "title": "",
    },
  },
]
`;

exports[`integration  missing-zip should generate report 1`] = `
"Hello 👋
I am a bot. My job is to review your submission.

I reviewed your latest release, [entry/missing-zip-v1](https://github.com/Platane/entry/releases/tag/entry/missing-zip-v1)
I could not found the zip file in the release assets.
I found:
\`\`\`
 - image_large.jpg
 - image_thumbnail.jpg
 - manifest.json
\`\`\`

Are you sure you included a .zip file ?


<blockquote> <br> <img height=\\"80\\" width=\\"80\\" title=\\"thumbnail\\" src=\\"https://res.cloudinary.com/dy3iszldp/image/upload/c_fit,h_100,w_100/61191dccc4c29b4d785cae9b2f2eae2d.jpg\\" /> <img height=\\"80\\" title=\\"large image\\" src=\\"https://res.cloudinary.com/dy3iszldp/image/upload/c_fit,h_250,w_400/a5b59ae446445ac970d026a7e08499bc.jpg\\" /> <div>  <a href=\\"undefined\\">   <strong>missing zip</strong>  </a>  <i>   <span>&nbsp;&nbsp;by</span>   <a href=\\"https://github.com/platane\\">    platane   </a>  </i>  <br>  desktop  <br>  This entry should yield an error because no zip file can be found in the release assets </div> <br></blockquote>"
`;
